#
# There is insufficient memory for the Java Runtime Environment to continue.
# Native memory allocation (mmap) failed to map 851443712 bytes for G1 virtual space
# Possible reasons:
#   The system is out of physical RAM or swap space
#   The process is running with CompressedOops enabled, and the Java Heap may be blocking the growth of the native heap
# Possible solutions:
#   Reduce memory load on the system
#   Increase physical memory or swap space
#   Check if swap backing store is full
#   Decrease Java heap size (-Xmx/-Xms)
#   Decrease number of Java threads
#   Decrease Java thread stack sizes (-Xss)
#   Set larger code cache with -XX:ReservedCodeCacheSize=
#   JVM is running with Zero Based Compressed Oops mode in which the Java heap is
#     placed in the first 32GB address space. The Java Heap base address is the
#     maximum limit for the native heap growth. Please use -XX:HeapBaseMinAddress
#     to set the Java Heap base and to place the Java Heap above 32GB virtual address.
# This output file may be truncated or incomplete.
#
#  Out of Memory Error (os_windows.cpp:3551), pid=2624, tid=10036
#
# JRE version: Java(TM) SE Runtime Environment (17.0.14+8) (build 17.0.14+8-LTS-191)
# Java VM: Java HotSpot(TM) 64-Bit Server VM (17.0.14+8-LTS-191, mixed mode, sharing, tiered, compressed oops, compressed class ptrs, g1 gc, windows-amd64)
# No core dump will be written. Minidumps are not enabled by default on client versions of Windows
#

---------------  S U M M A R Y ------------

Command Line: --add-opens=java.base/java.lang=ALL-UNNAMED --add-opens=java.base/java.lang.invoke=ALL-UNNAMED --add-opens=java.base/java.util=ALL-UNNAMED --add-opens=java.prefs/java.util.prefs=ALL-UNNAMED --add-exports=jdk.compiler/com.sun.tools.javac.api=ALL-UNNAMED --add-exports=jdk.compiler/com.sun.tools.javac.util=ALL-UNNAMED --add-opens=java.base/java.util=ALL-UNNAMED --add-opens=java.prefs/java.util.prefs=ALL-UNNAMED --add-opens=java.base/java.nio.charset=ALL-UNNAMED --add-opens=java.base/java.net=ALL-UNNAMED --add-opens=java.base/java.util.concurrent.atomic=ALL-UNNAMED --add-opens=java.xml/javax.xml.namespace=ALL-UNNAMED -XX:MaxMetaspaceSize=4G -XX:ReservedCodeCacheSize=512m -XX:+HeapDumpOnOutOfMemoryError -Xmx8G -Dfile.encoding=UTF-8 -Duser.country=IN -Duser.language=en -Duser.variant -javaagent:C:\Users\hp\.gradle\wrapper\dists\gradle-8.12-all\ejduaidbjup3bmmkhw3rie4zb\gradle-8.12\lib\agents\gradle-instrumentation-agent-8.12.jar org.gradle.launcher.daemon.bootstrap.GradleDaemon 8.12

Host: AMD Ryzen 3 3250U with Radeon Graphics         , 4 cores, 3G,  Windows 10 , 64 bit Build 19041 (10.0.19041.5915)
Time: Sun May  3 13:23:56 2026 India Standard Time elapsed time: 270.991889 seconds (0d 0h 4m 30s)

---------------  T H R E A D  ---------------

Current thread (0x0000026c69d63ef0):  VMThread "VM Thread" [stack: 0x0000008b9c700000,0x0000008b9c800000] [id=10036]

Stack: [0x0000008b9c700000,0x0000008b9c800000]
Native frames: (J=compiled Java code, j=interpreted, Vv=VM code, C=native code)
V  [jvm.dll+0x67a38a]
V  [jvm.dll+0x7da7ed]
V  [jvm.dll+0x7dc133]
V  [jvm.dll+0x7dc7a3]
V  [jvm.dll+0x24517f]
V  [jvm.dll+0x6773b9]
V  [jvm.dll+0x66c062]
V  [jvm.dll+0x302096]
V  [jvm.dll+0x309636]
V  [jvm.dll+0x359f8e]
V  [jvm.dll+0x35a1bf]
V  [jvm.dll+0x2d9168]
V  [jvm.dll+0x2d759d]
V  [jvm.dll+0x2d6bec]
V  [jvm.dll+0x31a74b]
V  [jvm.dll+0x7e109b]
V  [jvm.dll+0x7e1dd4]
V  [jvm.dll+0x7e22ed]
V  [jvm.dll+0x7e26c4]
V  [jvm.dll+0x7e2790]
V  [jvm.dll+0x78b04a]
V  [jvm.dll+0x679275]
C  [ucrtbase.dll+0x21bb2]
C  [KERNEL32.DLL+0x17374]
C  [ntdll.dll+0x4cc91]

VM_Operation (0x0000008ba10fd5f0): G1CollectForAllocation, mode: safepoint, requested by thread 0x0000026cc0648d20


---------------  P R O C E S S  ---------------

Threads class SMR info:
_java_thread_list=0x0000026cb41af900, length=79, elements={
0x0000026c2cfdb910, 0x0000026c69d689f0, 0x0000026c69d695b0, 0x0000026c69d7eff0,
0x0000026c69d7f9b0, 0x0000026c69d80370, 0x0000026c69d81d40, 0x0000026c69d82a30,
0x0000026c69d834e0, 0x0000026c6a112870, 0x0000026c69d51300, 0x0000026c6a29f6a0,
0x0000026cb04aca00, 0x0000026c6a12d470, 0x0000026c6a30bed0, 0x0000026cb0aa15b0,
0x0000026c6a4740b0, 0x0000026cb03747b0, 0x0000026cb03751d0, 0x0000026cb03756e0,
0x0000026cb0373880, 0x0000026cb0375bf0, 0x0000026cb0376100, 0x0000026cb0372e60,
0x0000026cb0373370, 0x0000026cb1fb94f0, 0x0000026cb1fba930, 0x0000026cb1fba420,
0x0000026cb1fb9a00, 0x0000026cb1fb7180, 0x0000026cb1fb7ba0, 0x0000026cb1fb7690,
0x0000026cb1fb8ad0, 0x0000026c6a33dae0, 0x0000026c6a340d80, 0x0000026cc0df5490,
0x0000026cc0df5eb0, 0x0000026cc0df63c0, 0x0000026cc10d9b20, 0x0000026cc10d86e0,
0x0000026cc10d9100, 0x0000026cc10d9610, 0x0000026cc10d6370, 0x0000026cc10d6880,
0x0000026cc10d72a0, 0x0000026cc10d77b0, 0x0000026cc10d7cc0, 0x0000026cc0c2e5a0,
0x0000026cc0c299b0, 0x0000026cc0c29ec0, 0x0000026cc0c2d160, 0x0000026cc0c2a3d0,
0x0000026cc0c2d670, 0x0000026cc0c2c230, 0x0000026cc0c2b810, 0x0000026cc0c2efc0,
0x0000026cc0c2db80, 0x0000026cc0c2f4d0, 0x0000026cc0c28060, 0x0000026cc0c2bd20,
0x0000026cc0c2f9e0, 0x0000026cc0c28570, 0x0000026cc0c28a80, 0x0000026cc0c28f90,
0x0000026cc0c2cc50, 0x0000026cc0648810, 0x0000026cc0647df0, 0x0000026cc064b5a0,
0x0000026cc064de20, 0x0000026cc064bab0, 0x0000026cc064e330, 0x0000026cc064c4d0,
0x0000026cc0649230, 0x0000026cc064cef0, 0x0000026cc064d400, 0x0000026cc064e840,
0x0000026cc0648d20, 0x0000026cc064bfc0, 0x0000026cc06473d0
}

Java Threads: ( => current thread )
  0x0000026c2cfdb910 JavaThread "main" [_thread_blocked, id=13156, stack(0x0000008b9c100000,0x0000008b9c200000)]
  0x0000026c69d689f0 JavaThread "Reference Handler" daemon [_thread_blocked, id=9700, stack(0x0000008b9c800000,0x0000008b9c900000)]
  0x0000026c69d695b0 JavaThread "Finalizer" daemon [_thread_blocked, id=15240, stack(0x0000008b9c900000,0x0000008b9ca00000)]
  0x0000026c69d7eff0 JavaThread "Signal Dispatcher" daemon [_thread_blocked, id=6792, stack(0x0000008b9ca00000,0x0000008b9cb00000)]
  0x0000026c69d7f9b0 JavaThread "Attach Listener" daemon [_thread_blocked, id=7232, stack(0x0000008b9cb00000,0x0000008b9cc00000)]
  0x0000026c69d80370 JavaThread "Service Thread" daemon [_thread_blocked, id=2028, stack(0x0000008b9cc00000,0x0000008b9cd00000)]
  0x0000026c69d81d40 JavaThread "Monitor Deflation Thread" daemon [_thread_blocked, id=13424, stack(0x0000008b9cd00000,0x0000008b9ce00000)]
  0x0000026c69d82a30 JavaThread "C2 CompilerThread0" daemon [_thread_blocked, id=12504, stack(0x0000008b9ce00000,0x0000008b9cf00000)]
  0x0000026c69d834e0 JavaThread "C1 CompilerThread0" daemon [_thread_blocked, id=9132, stack(0x0000008b9cf00000,0x0000008b9d000000)]
  0x0000026c6a112870 JavaThread "Sweeper thread" daemon [_thread_blocked, id=14620, stack(0x0000008b9d000000,0x0000008b9d100000)]
  0x0000026c69d51300 JavaThread "Common-Cleaner" daemon [_thread_blocked, id=6520, stack(0x0000008b9d100000,0x0000008b9d200000)]
  0x0000026c6a29f6a0 JavaThread "Notification Thread" daemon [_thread_blocked, id=9108, stack(0x0000008b9d200000,0x0000008b9d300000)]
  0x0000026cb04aca00 JavaThread "Daemon health stats" [_thread_blocked, id=14284, stack(0x0000008b9d800000,0x0000008b9d900000)]
  0x0000026c6a12d470 JavaThread "Incoming local TCP Connector on port 52919" [_thread_in_native, id=7544, stack(0x0000008b9d900000,0x0000008b9da00000)]
  0x0000026c6a30bed0 JavaThread "Daemon periodic checks" [_thread_blocked, id=4668, stack(0x0000008b9da00000,0x0000008b9db00000)]
  0x0000026cb0aa15b0 JavaThread "Daemon" [_thread_blocked, id=7048, stack(0x0000008b9db00000,0x0000008b9dc00000)]
  0x0000026c6a4740b0 JavaThread "Handler for socket connection from /127.0.0.1:52919 to /127.0.0.1:52920" [_thread_in_native, id=13584, stack(0x0000008b9dc00000,0x0000008b9dd00000)]
  0x0000026cb03747b0 JavaThread "Cancel handler" [_thread_blocked, id=8904, stack(0x0000008b9dd00000,0x0000008b9de00000)]
  0x0000026cb03751d0 JavaThread "Daemon worker" [_thread_blocked, id=5140, stack(0x0000008b9de00000,0x0000008b9df00000)]
  0x0000026cb03756e0 JavaThread "Asynchronous log dispatcher for DefaultDaemonConnection: socket connection from /127.0.0.1:52919 to /127.0.0.1:52920" [_thread_blocked, id=12428, stack(0x0000008b9df00000,0x0000008b9e000000)]
  0x0000026cb0373880 JavaThread "Stdin handler" [_thread_blocked, id=3828, stack(0x0000008b9e000000,0x0000008b9e100000)]
  0x0000026cb0375bf0 JavaThread "Daemon client event forwarder" [_thread_blocked, id=11100, stack(0x0000008b9e100000,0x0000008b9e200000)]
  0x0000026cb0376100 JavaThread "Cache worker for journal cache (C:\Users\hp\.gradle\caches\journal-1)" [_thread_blocked, id=13476, stack(0x0000008b9e200000,0x0000008b9e300000)]
  0x0000026cb0372e60 JavaThread "File lock request listener" [_thread_in_native, id=11852, stack(0x0000008b9e300000,0x0000008b9e400000)]
  0x0000026cb0373370 JavaThread "Cache worker for file hash cache (C:\Users\hp\.gradle\caches\8.12\fileHashes)" [_thread_blocked, id=1844, stack(0x0000008b9e400000,0x0000008b9e500000)]
  0x0000026cb1fb94f0 JavaThread "Cache worker for file hash cache (D:\newsflow (1)\android\.gradle\8.12\fileHashes)" [_thread_blocked, id=9804, stack(0x0000008b9e500000,0x0000008b9e600000)]
  0x0000026cb1fba930 JavaThread "Cache worker for Build Output Cleanup Cache (D:\newsflow (1)\android\.gradle\buildOutputCleanup)" [_thread_blocked, id=14936, stack(0x0000008b9e600000,0x0000008b9e700000)]
  0x0000026cb1fba420 JavaThread "File watcher server" daemon [_thread_in_native, id=6820, stack(0x0000008b9e700000,0x0000008b9e800000)]
  0x0000026cb1fb9a00 JavaThread "File watcher consumer" daemon [_thread_blocked, id=11032, stack(0x0000008b9e800000,0x0000008b9e900000)]
  0x0000026cb1fb7180 JavaThread "jar transforms" [_thread_blocked, id=14788, stack(0x0000008b9e900000,0x0000008b9ea00000)]
  0x0000026cb1fb7ba0 JavaThread "jar transforms Thread 2" [_thread_blocked, id=9336, stack(0x0000008b9ea00000,0x0000008b9eb00000)]
  0x0000026cb1fb7690 JavaThread "jar transforms Thread 3" [_thread_blocked, id=9432, stack(0x0000008b9eb00000,0x0000008b9ec00000)]
  0x0000026cb1fb8ad0 JavaThread "jar transforms Thread 4" [_thread_blocked, id=12672, stack(0x0000008b9ec00000,0x0000008b9ed00000)]
  0x0000026c6a33dae0 JavaThread "Cache worker for checksums cache (D:\newsflow (1)\android\.gradle\8.12\checksums)" [_thread_blocked, id=15112, stack(0x0000008b9ed00000,0x0000008b9ee00000)]
  0x0000026c6a340d80 JavaThread "Cache worker for file content cache (C:\Users\hp\.gradle\caches\8.12\fileContent)" [_thread_blocked, id=2568, stack(0x0000008b9ee00000,0x0000008b9ef00000)]
  0x0000026cc0df5490 JavaThread "Cache worker for cache directory md-rule (C:\Users\hp\.gradle\caches\8.12\md-rule)" [_thread_blocked, id=10840, stack(0x0000008b9f100000,0x0000008b9f200000)]
  0x0000026cc0df5eb0 JavaThread "Cache worker for cache directory md-supplier (C:\Users\hp\.gradle\caches\8.12\md-supplier)" [_thread_blocked, id=12620, stack(0x0000008b9f200000,0x0000008b9f300000)]
  0x0000026cc0df63c0 JavaThread "Cache worker for Build Output Cleanup Cache (E:\smart_distributor\flutter_windows_3.32.2-stable\flutter\packages\flutter_tools\gradle\.gradle\buildOutputCleanup)" [_thread_blocked, id=8456, stack(0x0000008b9f300000,0x0000008b9f400000)]
  0x0000026cc10d9b20 JavaThread "Unconstrained build operations" [_thread_blocked, id=12360, stack(0x0000008b9f500000,0x0000008b9f600000)]
  0x0000026cc10d86e0 JavaThread "Unconstrained build operations Thread 2" [_thread_blocked, id=9600, stack(0x0000008b9f600000,0x0000008b9f700000)]
  0x0000026cc10d9100 JavaThread "Unconstrained build operations Thread 3" [_thread_blocked, id=1480, stack(0x0000008b9f700000,0x0000008b9f800000)]
  0x0000026cc10d9610 JavaThread "Unconstrained build operations Thread 4" [_thread_blocked, id=15276, stack(0x0000008b9f800000,0x0000008b9f900000)]
  0x0000026cc10d6370 JavaThread "Unconstrained build operations Thread 5" [_thread_blocked, id=13344, stack(0x0000008b9f900000,0x0000008b9fa00000)]
  0x0000026cc10d6880 JavaThread "Unconstrained build operations Thread 6" [_thread_blocked, id=12356, stack(0x0000008b9fa00000,0x0000008b9fb00000)]
  0x0000026cc10d72a0 JavaThread "Unconstrained build operations Thread 7" [_thread_blocked, id=6380, stack(0x0000008b9fb00000,0x0000008b9fc00000)]
  0x0000026cc10d77b0 JavaThread "Unconstrained build operations Thread 8" [_thread_blocked, id=4072, stack(0x0000008b9fc00000,0x0000008b9fd00000)]
  0x0000026cc10d7cc0 JavaThread "Unconstrained build operations Thread 9" [_thread_blocked, id=10016, stack(0x0000008b9fd00000,0x0000008b9fe00000)]
  0x0000026cc0c2e5a0 JavaThread "Memory manager" [_thread_blocked, id=2024, stack(0x0000008b9fe00000,0x0000008b9ff00000)]
  0x0000026cc0c299b0 JavaThread "build event listener" [_thread_blocked, id=1612, stack(0x0000008b9ff00000,0x0000008ba0000000)]
  0x0000026cc0c29ec0 JavaThread "included builds" [_thread_blocked, id=8168, stack(0x0000008b9be00000,0x0000008b9bf00000)]
  0x0000026cc0c2d160 JavaThread "Execution worker" [_thread_blocked, id=7532, stack(0x0000008b9c000000,0x0000008b9c100000)]
  0x0000026cc0c2a3d0 JavaThread "Execution worker Thread 2" [_thread_blocked, id=13068, stack(0x0000008ba0000000,0x0000008ba0100000)]
  0x0000026cc0c2d670 JavaThread "Execution worker Thread 3" [_thread_blocked, id=13960, stack(0x0000008ba0100000,0x0000008ba0200000)]
  0x0000026cc0c2c230 JavaThread "Cache worker for execution history cache (E:\smart_distributor\flutter_windows_3.32.2-stable\flutter\packages\flutter_tools\gradle\.gradle\8.12\executionHistory)" [_thread_blocked, id=15264, stack(0x0000008ba0200000,0x0000008ba0300000)]
  0x0000026cc0c2b810 JavaThread "Unconstrained build operations Thread 10" [_thread_blocked, id=9540, stack(0x0000008ba0300000,0x0000008ba0400000)]
  0x0000026cc0c2efc0 JavaThread "Unconstrained build operations Thread 11" [_thread_blocked, id=15172, stack(0x0000008ba0400000,0x0000008ba0500000)]
  0x0000026cc0c2db80 JavaThread "Unconstrained build operations Thread 12" [_thread_blocked, id=12312, stack(0x0000008ba0500000,0x0000008ba0600000)]
  0x0000026cc0c2f4d0 JavaThread "Unconstrained build operations Thread 13" [_thread_blocked, id=13088, stack(0x0000008ba0600000,0x0000008ba0700000)]
  0x0000026cc0c28060 JavaThread "Unconstrained build operations Thread 14" [_thread_blocked, id=13096, stack(0x0000008ba0700000,0x0000008ba0800000)]
  0x0000026cc0c2bd20 JavaThread "Unconstrained build operations Thread 15" [_thread_blocked, id=6148, stack(0x0000008ba0800000,0x0000008ba0900000)]
  0x0000026cc0c2f9e0 JavaThread "Unconstrained build operations Thread 16" [_thread_blocked, id=120, stack(0x0000008ba0900000,0x0000008ba0a00000)]
  0x0000026cc0c28570 JavaThread "Unconstrained build operations Thread 17" [_thread_blocked, id=6768, stack(0x0000008ba0a00000,0x0000008ba0b00000)]
  0x0000026cc0c28a80 JavaThread "Unconstrained build operations Thread 18" [_thread_blocked, id=10564, stack(0x0000008ba0b00000,0x0000008ba0c00000)]
  0x0000026cc0c28f90 JavaThread "Unconstrained build operations Thread 19" [_thread_blocked, id=9072, stack(0x0000008ba0c00000,0x0000008ba0d00000)]
  0x0000026cc0c2cc50 JavaThread "Unconstrained build operations Thread 20" [_thread_blocked, id=11412, stack(0x0000008ba0d00000,0x0000008ba0e00000)]
  0x0000026cc0648810 JavaThread "WorkerExecutor Queue" [_thread_blocked, id=14148, stack(0x0000008ba0e00000,0x0000008ba0f00000)]
  0x0000026cc0647df0 JavaThread "RMI Scheduler(0)" daemon [_thread_blocked, id=6088, stack(0x0000008ba0f00000,0x0000008ba1000000)]
  0x0000026cc064b5a0 JavaThread "RMI GC Daemon" daemon [_thread_blocked, id=13964, stack(0x0000008ba1100000,0x0000008ba1200000)]
  0x0000026cc064de20 JavaThread "RMI TCP Accept-0" daemon [_thread_in_native, id=13732, stack(0x0000008ba1200000,0x0000008ba1300000)]
  0x0000026cc064bab0 JavaThread "RMI Reaper" [_thread_blocked, id=6212, stack(0x0000008ba1300000,0x0000008ba1400000)]
  0x0000026cc064e330 JavaThread "Unconstrained build operations Thread 21" [_thread_blocked, id=2336, stack(0x0000008b9f000000,0x0000008b9f100000)]
  0x0000026cc064c4d0 JavaThread "Unconstrained build operations Thread 22" [_thread_blocked, id=8392, stack(0x0000008ba1400000,0x0000008ba1500000)]
  0x0000026cc0649230 JavaThread "Unconstrained build operations Thread 23" [_thread_blocked, id=3536, stack(0x0000008ba1500000,0x0000008ba1600000)]
  0x0000026cc064cef0 JavaThread "Unconstrained build operations Thread 24" [_thread_blocked, id=10812, stack(0x0000008ba1600000,0x0000008ba1700000)]
  0x0000026cc064d400 JavaThread "Unconstrained build operations Thread 25" [_thread_blocked, id=10196, stack(0x0000008ba1700000,0x0000008ba1800000)]
  0x0000026cc064e840 JavaThread "Unconstrained build operations Thread 26" [_thread_blocked, id=15116, stack(0x0000008ba1800000,0x0000008ba1900000)]
  0x0000026cc0648d20 JavaThread "Unconstrained build operations Thread 27" [_thread_blocked, id=8204, stack(0x0000008ba1000000,0x0000008ba1100000)]
  0x0000026cc064bfc0 JavaThread "Unconstrained build operations Thread 28" [_thread_blocked, id=15312, stack(0x0000008ba1900000,0x0000008ba1a00000)]
  0x0000026cc06473d0 JavaThread "Unconstrained build operations Thread 29" [_thread_blocked, id=4436, stack(0x0000008ba1a00000,0x0000008ba1b00000)]

Other Threads:
=>0x0000026c69d63ef0 VMThread "VM Thread" [stack: 0x0000008b9c700000,0x0000008b9c800000] [id=10036]
  0x0000026c2cfdc610 WatcherThread [stack: 0x0000008b9d300000,0x0000008b9d400000] [id=14268]
  0x0000026c2d085290 GCTaskThread "GC Thread#0" [stack: 0x0000008b9c200000,0x0000008b9c300000] [id=10732]
  0x0000026c6a2e8070 GCTaskThread "GC Thread#1" [stack: 0x0000008b9d400000,0x0000008b9d500000] [id=14544]
  0x0000026c6a3295e0 GCTaskThread "GC Thread#2" [stack: 0x0000008b9d500000,0x0000008b9d600000] [id=7984]
  0x0000026cb01a1020 GCTaskThread "GC Thread#3" [stack: 0x0000008b9d600000,0x0000008b9d700000] [id=11876]
  0x0000026c2d096080 ConcurrentGCThread "G1 Main Marker" [stack: 0x0000008b9c300000,0x0000008b9c400000] [id=6932]
  0x0000026c2d096930 ConcurrentGCThread "G1 Conc#0" [stack: 0x0000008b9c400000,0x0000008b9c500000] [id=13468]
  0x0000026c2d09eb30 ConcurrentGCThread "G1 Refine#0" [stack: 0x0000008b9c500000,0x0000008b9c600000] [id=13160]
  0x0000026c6acd3060 ConcurrentGCThread "G1 Refine#1" [stack: 0x0000008b9d700000,0x0000008b9d800000] [id=10096]
  0x0000026cb309c850 ConcurrentGCThread "G1 Refine#2" [stack: 0x0000008b9bf00000,0x0000008b9c000000] [id=8340]
  0x0000026c69c1a3f0 ConcurrentGCThread "G1 Service" [stack: 0x0000008b9c600000,0x0000008b9c700000] [id=8984]

Threads with active compile tasks:
C2 CompilerThread0   271131 17692       4       org.gradle.internal.serialize.HierarchicalNameSerializer::writeName (88 bytes)

VM state: at safepoint (normal execution)

VM Mutex/Monitor currently owned by a thread:  ([mutex/lock_event])
[0x0000026c2cfd7f20] Threads_lock - owner thread: 0x0000026c69d63ef0
[0x0000026c2cfd6f60] Heap_lock - owner thread: 0x0000026cc0648d20

Heap address: 0x0000000600000000, size: 8192 MB, Compressed Oops mode: Zero based, Oop shift amount: 3

CDS archive(s) mapped at: [0x0000026c6b000000-0x0000026c6bbd0000-0x0000026c6bbd0000), size 12386304, SharedBaseAddress: 0x0000026c6b000000, ArchiveRelocationMode: 1.
Compressed class space mapped at: 0x0000026c6c000000-0x0000026cac000000, reserved size: 1073741824
Narrow klass base: 0x0000026c6b000000, Narrow klass shift: 0, Narrow klass range: 0x100000000

GC Precious Log:
 CPUs: 4 total, 4 available
 Memory: 3498M
 Large Page Support: Disabled
 NUMA Support: Disabled
 Compressed Oops: Enabled (Zero based)
 Heap Region Size: 4M
 Heap Min Capacity: 8M
 Heap Initial Capacity: 56M
 Heap Max Capacity: 8G
 Pre-touch: Disabled
 Parallel Workers: 4
 Concurrent Workers: 1
 Concurrent Refinement Workers: 4
 Periodic GC: Disabled

Heap:
 garbage-first heap   total 540672K, used 184011K [0x0000000600000000, 0x0000000800000000)
  region size 4096K, 1 young (4096K), 1 survivors (4096K)
 Metaspace       used 146940K, committed 148032K, reserved 1179648K
  class space    used 19279K, committed 19776K, reserved 1048576K

Heap Regions: E=young(eden), S=young(survivor), O=old, HS=humongous(starts), HC=humongous(continues), CS=collection set, F=free, OA=open archive, CA=closed archive, TAMS=top-at-mark-start (previous, next)
|   0|0x0000000600000000, 0x0000000600400000, 0x0000000600400000|100%|HS|  |TAMS 0x0000000600400000, 0x0000000600400000| Complete 
|   1|0x0000000600400000, 0x0000000600800000, 0x0000000600800000|100%| O|  |TAMS 0x0000000600800000, 0x0000000600800000| Untracked 
|   2|0x0000000600800000, 0x0000000600c00000, 0x0000000600c00000|100%| O|  |TAMS 0x0000000600c00000, 0x0000000600c00000| Untracked 
|   3|0x0000000600c00000, 0x0000000601000000, 0x0000000601000000|100%| O|  |TAMS 0x0000000601000000, 0x0000000601000000| Untracked 
|   4|0x0000000601000000, 0x0000000601400000, 0x0000000601400000|100%| O|  |TAMS 0x0000000601400000, 0x0000000601400000| Untracked 
|   5|0x0000000601400000, 0x0000000601800000, 0x0000000601800000|100%| O|  |TAMS 0x0000000601800000, 0x0000000601800000| Untracked 
|   6|0x0000000601800000, 0x0000000601c00000, 0x0000000601c00000|100%| O|  |TAMS 0x0000000601c00000, 0x0000000601c00000| Untracked 
|   7|0x0000000601c00000, 0x0000000602000000, 0x0000000602000000|100%| O|  |TAMS 0x0000000602000000, 0x0000000602000000| Untracked 
|   8|0x0000000602000000, 0x0000000602400000, 0x0000000602400000|100%| O|  |TAMS 0x0000000602400000, 0x0000000602400000| Untracked 
|   9|0x0000000602400000, 0x0000000602800000, 0x0000000602800000|100%| O|  |TAMS 0x0000000602800000, 0x0000000602800000| Untracked 
|  10|0x0000000602800000, 0x0000000602c00000, 0x0000000602c00000|100%| O|  |TAMS 0x0000000602c00000, 0x0000000602c00000| Untracked 
|  11|0x0000000602c00000, 0x0000000603000000, 0x0000000603000000|100%| O|  |TAMS 0x0000000603000000, 0x0000000603000000| Untracked 
|  12|0x0000000603000000, 0x0000000603400000, 0x0000000603400000|100%| O|  |TAMS 0x0000000603000000, 0x0000000603400000| Untracked 
|  13|0x0000000603400000, 0x0000000603800000, 0x0000000603800000|100%| O|  |TAMS 0x0000000603400000, 0x0000000603800000| Untracked 
|  14|0x0000000603800000, 0x0000000603c00000, 0x0000000603c00000|100%| O|  |TAMS 0x0000000603c00000, 0x0000000603c00000| Untracked 
|  15|0x0000000603c00000, 0x0000000604000000, 0x0000000604000000|100%| O|  |TAMS 0x0000000604000000, 0x0000000604000000| Untracked 
|  16|0x0000000604000000, 0x0000000604400000, 0x0000000604400000|100%| O|  |TAMS 0x0000000604400000, 0x0000000604400000| Untracked 
|  17|0x0000000604400000, 0x0000000604800000, 0x0000000604800000|100%| O|  |TAMS 0x0000000604800000, 0x0000000604800000| Untracked 
|  18|0x0000000604800000, 0x0000000604c00000, 0x0000000604c00000|100%| O|  |TAMS 0x0000000604c00000, 0x0000000604c00000| Untracked 
|  19|0x0000000604c00000, 0x0000000605000000, 0x0000000605000000|100%| O|  |TAMS 0x0000000604c00000, 0x0000000605000000| Untracked 
|  20|0x0000000605000000, 0x0000000605400000, 0x0000000605400000|100%|HS|  |TAMS 0x0000000605400000, 0x0000000605400000| Complete 
|  21|0x0000000605400000, 0x0000000605800000, 0x0000000605800000|100%| O|  |TAMS 0x0000000605800000, 0x0000000605800000| Untracked 
|  22|0x0000000605800000, 0x0000000605c00000, 0x0000000605c00000|100%| O|  |TAMS 0x0000000605c00000, 0x0000000605c00000| Untracked 
|  23|0x0000000605c00000, 0x0000000606000000, 0x0000000606000000|100%| O|  |TAMS 0x0000000606000000, 0x0000000606000000| Untracked 
|  24|0x0000000606000000, 0x0000000606400000, 0x0000000606400000|100%| O|  |TAMS 0x0000000606400000, 0x0000000606400000| Untracked 
|  25|0x0000000606400000, 0x0000000606800000, 0x0000000606800000|100%|HS|  |TAMS 0x0000000606800000, 0x0000000606800000| Complete 
|  26|0x0000000606800000, 0x0000000606c00000, 0x0000000606c00000|100%| O|  |TAMS 0x0000000606c00000, 0x0000000606c00000| Untracked 
|  27|0x0000000606c00000, 0x0000000607000000, 0x0000000607000000|100%| O|  |TAMS 0x0000000607000000, 0x0000000607000000| Untracked 
|  28|0x0000000607000000, 0x0000000607400000, 0x0000000607400000|100%| O|  |TAMS 0x0000000607247e00, 0x0000000607400000| Untracked 
|  29|0x0000000607400000, 0x0000000607800000, 0x0000000607800000|100%| O|  |TAMS 0x0000000607400000, 0x0000000607800000| Untracked 
|  30|0x0000000607800000, 0x0000000607c00000, 0x0000000607c00000|100%| O|  |TAMS 0x0000000607800000, 0x0000000607a6b000| Untracked 
|  31|0x0000000607c00000, 0x0000000608000000, 0x0000000608000000|100%| O|  |TAMS 0x0000000607c00000, 0x0000000607c00000| Untracked 
|  32|0x0000000608000000, 0x0000000608400000, 0x0000000608400000|100%| O|  |TAMS 0x0000000608000000, 0x0000000608000000| Untracked 
|  33|0x0000000608400000, 0x0000000608800000, 0x0000000608800000|100%| O|  |TAMS 0x0000000608400000, 0x0000000608400000| Untracked 
|  34|0x0000000608800000, 0x0000000608c00000, 0x0000000608c00000|100%| O|  |TAMS 0x0000000608800000, 0x0000000608800000| Untracked 
|  35|0x0000000608c00000, 0x0000000609000000, 0x0000000609000000|100%| O|  |TAMS 0x0000000608c00000, 0x0000000608c00000| Untracked 
|  36|0x0000000609000000, 0x0000000609400000, 0x0000000609400000|100%| O|  |TAMS 0x0000000609000000, 0x0000000609000000| Untracked 
|  37|0x0000000609400000, 0x0000000609800000, 0x0000000609800000|100%| O|  |TAMS 0x0000000609400000, 0x0000000609400000| Untracked 
|  38|0x0000000609800000, 0x0000000609c00000, 0x0000000609c00000|100%| O|  |TAMS 0x0000000609800000, 0x0000000609800000| Untracked 
|  39|0x0000000609c00000, 0x000000060a000000, 0x000000060a000000|100%| O|  |TAMS 0x0000000609c00000, 0x0000000609c00000| Untracked 
|  40|0x000000060a000000, 0x000000060a400000, 0x000000060a400000|100%| O|  |TAMS 0x000000060a000000, 0x000000060a000000| Untracked 
|  41|0x000000060a400000, 0x000000060a800000, 0x000000060a800000|100%| O|  |TAMS 0x000000060a400000, 0x000000060a400000| Untracked 
|  42|0x000000060a800000, 0x000000060ac00000, 0x000000060ac00000|100%| O|  |TAMS 0x000000060a800000, 0x000000060a800000| Untracked 
|  43|0x000000060ac00000, 0x000000060b000000, 0x000000060b000000|100%| O|  |TAMS 0x000000060ac00000, 0x000000060ac00000| Untracked 
|  44|0x000000060b000000, 0x000000060b113400, 0x000000060b400000| 26%| O|  |TAMS 0x000000060b000000, 0x000000060b000000| Untracked 
|  45|0x000000060b400000, 0x000000060b400000, 0x000000060b800000|  0%| F|  |TAMS 0x000000060b400000, 0x000000060b400000| Untracked 
|  46|0x000000060b800000, 0x000000060b800000, 0x000000060bc00000|  0%| F|  |TAMS 0x000000060b800000, 0x000000060b800000| Untracked 
|  47|0x000000060bc00000, 0x000000060bc00000, 0x000000060c000000|  0%| F|  |TAMS 0x000000060bc00000, 0x000000060bc00000| Untracked 
|  48|0x000000060c000000, 0x000000060c000000, 0x000000060c400000|  0%| F|  |TAMS 0x000000060c000000, 0x000000060c000000| Untracked 
|  49|0x000000060c400000, 0x000000060c400000, 0x000000060c800000|  0%| F|  |TAMS 0x000000060c400000, 0x000000060c400000| Untracked 
|  50|0x000000060c800000, 0x000000060c800000, 0x000000060cc00000|  0%| F|  |TAMS 0x000000060c800000, 0x000000060c800000| Untracked 
|  51|0x000000060cc00000, 0x000000060cc00000, 0x000000060d000000|  0%| F|  |TAMS 0x000000060cc00000, 0x000000060cc00000| Untracked 
|  52|0x000000060d000000, 0x000000060d000000, 0x000000060d400000|  0%| F|  |TAMS 0x000000060d000000, 0x000000060d000000| Untracked 
|  53|0x000000060d400000, 0x000000060d400000, 0x000000060d800000|  0%| F|  |TAMS 0x000000060d400000, 0x000000060d400000| Untracked 
|  54|0x000000060d800000, 0x000000060d800000, 0x000000060dc00000|  0%| F|  |TAMS 0x000000060d800000, 0x000000060d800000| Untracked 
|  55|0x000000060dc00000, 0x000000060dc00000, 0x000000060e000000|  0%| F|  |TAMS 0x000000060dc00000, 0x000000060dc00000| Untracked 
|  56|0x000000060e000000, 0x000000060e000000, 0x000000060e400000|  0%| F|  |TAMS 0x000000060e000000, 0x000000060e000000| Untracked 
|  57|0x000000060e400000, 0x000000060e400000, 0x000000060e800000|  0%| F|  |TAMS 0x000000060e400000, 0x000000060e400000| Untracked 
|  58|0x000000060e800000, 0x000000060e800000, 0x000000060ec00000|  0%| F|  |TAMS 0x000000060e800000, 0x000000060e800000| Untracked 
|  59|0x000000060ec00000, 0x000000060ec00000, 0x000000060f000000|  0%| F|  |TAMS 0x000000060ec00000, 0x000000060ec00000| Untracked 
|  60|0x000000060f000000, 0x000000060f000000, 0x000000060f400000|  0%| F|  |TAMS 0x000000060f000000, 0x000000060f000000| Untracked 
|  61|0x000000060f400000, 0x000000060f400000, 0x000000060f800000|  0%| F|  |TAMS 0x000000060f400000, 0x000000060f400000| Untracked 
|  62|0x000000060f800000, 0x000000060f800000, 0x000000060fc00000|  0%| F|  |TAMS 0x000000060f800000, 0x000000060f800000| Untracked 
|  63|0x000000060fc00000, 0x000000060fc00000, 0x0000000610000000|  0%| F|  |TAMS 0x000000060fc00000, 0x000000060fc00000| Untracked 
|  64|0x0000000610000000, 0x0000000610000000, 0x0000000610400000|  0%| F|  |TAMS 0x0000000610000000, 0x0000000610000000| Untracked 
|  65|0x0000000610400000, 0x0000000610400000, 0x0000000610800000|  0%| F|  |TAMS 0x0000000610400000, 0x0000000610400000| Untracked 
|  66|0x0000000610800000, 0x0000000610800000, 0x0000000610c00000|  0%| F|  |TAMS 0x0000000610800000, 0x0000000610800000| Untracked 
|  67|0x0000000610c00000, 0x0000000610c00000, 0x0000000611000000|  0%| F|  |TAMS 0x0000000610c00000, 0x0000000610c00000| Untracked 
|  68|0x0000000611000000, 0x0000000611000000, 0x0000000611400000|  0%| F|  |TAMS 0x0000000611000000, 0x0000000611000000| Untracked 
|  69|0x0000000611400000, 0x0000000611400000, 0x0000000611800000|  0%| F|  |TAMS 0x0000000611400000, 0x0000000611400000| Untracked 
|  70|0x0000000611800000, 0x0000000611800000, 0x0000000611c00000|  0%| F|  |TAMS 0x0000000611800000, 0x0000000611800000| Untracked 
|  71|0x0000000611c00000, 0x0000000611c00000, 0x0000000612000000|  0%| F|  |TAMS 0x0000000611c00000, 0x0000000611c00000| Untracked 
|  72|0x0000000612000000, 0x0000000612000000, 0x0000000612400000|  0%| F|  |TAMS 0x0000000612000000, 0x0000000612000000| Untracked 
|  73|0x0000000612400000, 0x0000000612400000, 0x0000000612800000|  0%| F|  |TAMS 0x0000000612400000, 0x0000000612400000| Untracked 
|  74|0x0000000612800000, 0x0000000612800000, 0x0000000612c00000|  0%| F|  |TAMS 0x0000000612800000, 0x0000000612800000| Untracked 
|  75|0x0000000612c00000, 0x0000000612c00000, 0x0000000613000000|  0%| F|  |TAMS 0x0000000612c00000, 0x0000000612c00000| Untracked 
|  76|0x0000000613000000, 0x0000000613000000, 0x0000000613400000|  0%| F|  |TAMS 0x0000000613000000, 0x0000000613000000| Untracked 
|  77|0x0000000613400000, 0x0000000613400000, 0x0000000613800000|  0%| F|  |TAMS 0x0000000613400000, 0x0000000613400000| Untracked 
|  78|0x0000000613800000, 0x0000000613800000, 0x0000000613c00000|  0%| F|  |TAMS 0x0000000613800000, 0x0000000613800000| Untracked 
|  79|0x0000000613c00000, 0x0000000613c00000, 0x0000000614000000|  0%| F|  |TAMS 0x0000000613c00000, 0x0000000613c00000| Untracked 
|  80|0x0000000614000000, 0x0000000614000000, 0x0000000614400000|  0%| F|  |TAMS 0x0000000614000000, 0x0000000614000000| Untracked 
|  81|0x0000000614400000, 0x0000000614400000, 0x0000000614800000|  0%| F|  |TAMS 0x0000000614400000, 0x0000000614400000| Untracked 
|  82|0x0000000614800000, 0x0000000614800000, 0x0000000614c00000|  0%| F|  |TAMS 0x0000000614800000, 0x0000000614800000| Untracked 
|  83|0x0000000614c00000, 0x0000000614c00000, 0x0000000615000000|  0%| F|  |TAMS 0x0000000614c00000, 0x0000000614c00000| Untracked 
|  84|0x0000000615000000, 0x0000000615000000, 0x0000000615400000|  0%| F|  |TAMS 0x0000000615000000, 0x0000000615000000| Untracked 
|  85|0x0000000615400000, 0x0000000615400000, 0x0000000615800000|  0%| F|  |TAMS 0x0000000615400000, 0x0000000615400000| Untracked 
|  86|0x0000000615800000, 0x0000000615800000, 0x0000000615c00000|  0%| F|  |TAMS 0x0000000615800000, 0x0000000615800000| Untracked 
|  87|0x0000000615c00000, 0x0000000615c00000, 0x0000000616000000|  0%| F|  |TAMS 0x0000000615c00000, 0x0000000615c00000| Untracked 
|  88|0x0000000616000000, 0x0000000616000000, 0x0000000616400000|  0%| F|  |TAMS 0x0000000616000000, 0x0000000616000000| Untracked 
|  89|0x0000000616400000, 0x0000000616400000, 0x0000000616800000|  0%| F|  |TAMS 0x0000000616400000, 0x0000000616400000| Untracked 
|  90|0x0000000616800000, 0x0000000616800000, 0x0000000616c00000|  0%| F|  |TAMS 0x0000000616800000, 0x0000000616800000| Untracked 
|  91|0x0000000616c00000, 0x0000000616c00000, 0x0000000617000000|  0%| F|  |TAMS 0x0000000616c00000, 0x0000000616c00000| Untracked 
|  92|0x0000000617000000, 0x0000000617000000, 0x0000000617400000|  0%| F|  |TAMS 0x0000000617000000, 0x0000000617000000| Untracked 
|  93|0x0000000617400000, 0x0000000617400000, 0x0000000617800000|  0%| F|  |TAMS 0x0000000617400000, 0x0000000617400000| Untracked 
|  94|0x0000000617800000, 0x0000000617800000, 0x0000000617c00000|  0%| F|  |TAMS 0x0000000617800000, 0x0000000617800000| Untracked 
|  95|0x0000000617c00000, 0x0000000617c00000, 0x0000000618000000|  0%| F|  |TAMS 0x0000000617c00000, 0x0000000617c00000| Untracked 
|  96|0x0000000618000000, 0x0000000618000000, 0x0000000618400000|  0%| F|  |TAMS 0x0000000618000000, 0x0000000618000000| Untracked 
|  97|0x0000000618400000, 0x0000000618400000, 0x0000000618800000|  0%| F|  |TAMS 0x0000000618400000, 0x0000000618400000| Untracked 
|  98|0x0000000618800000, 0x0000000618800000, 0x0000000618c00000|  0%| F|  |TAMS 0x0000000618800000, 0x0000000618800000| Untracked 
|  99|0x0000000618c00000, 0x0000000618c00000, 0x0000000619000000|  0%| F|  |TAMS 0x0000000618c00000, 0x0000000618c00000| Untracked 
| 100|0x0000000619000000, 0x0000000619000000, 0x0000000619400000|  0%| F|  |TAMS 0x0000000619000000, 0x0000000619000000| Untracked 
| 101|0x0000000619400000, 0x0000000619400000, 0x0000000619800000|  0%| F|  |TAMS 0x0000000619400000, 0x0000000619400000| Untracked 
| 102|0x0000000619800000, 0x0000000619800000, 0x0000000619c00000|  0%| F|  |TAMS 0x0000000619800000, 0x0000000619800000| Untracked 
| 103|0x0000000619c00000, 0x0000000619c00000, 0x000000061a000000|  0%| F|  |TAMS 0x0000000619c00000, 0x0000000619c00000| Untracked 
| 104|0x000000061a000000, 0x000000061a000000, 0x000000061a400000|  0%| F|  |TAMS 0x000000061a000000, 0x000000061a000000| Untracked 
| 105|0x000000061a400000, 0x000000061a400000, 0x000000061a800000|  0%| F|  |TAMS 0x000000061a400000, 0x000000061a400000| Untracked 
| 106|0x000000061a800000, 0x000000061a800000, 0x000000061ac00000|  0%| F|  |TAMS 0x000000061a800000, 0x000000061a800000| Untracked 
| 107|0x000000061ac00000, 0x000000061ac00000, 0x000000061b000000|  0%| F|  |TAMS 0x000000061ac00000, 0x000000061ac00000| Untracked 
| 108|0x000000061b000000, 0x000000061b000000, 0x000000061b400000|  0%| F|  |TAMS 0x000000061b000000, 0x000000061b000000| Untracked 
| 109|0x000000061b400000, 0x000000061b400000, 0x000000061b800000|  0%| F|  |TAMS 0x000000061b400000, 0x000000061b400000| Untracked 
| 110|0x000000061b800000, 0x000000061b800000, 0x000000061bc00000|  0%| F|  |TAMS 0x000000061b800000, 0x000000061b800000| Untracked 
| 111|0x000000061bc00000, 0x000000061bc00000, 0x000000061c000000|  0%| F|  |TAMS 0x000000061bc00000, 0x000000061bc00000| Untracked 
| 112|0x000000061c000000, 0x000000061c000000, 0x000000061c400000|  0%| F|  |TAMS 0x000000061c000000, 0x000000061c000000| Untracked 
| 113|0x000000061c400000, 0x000000061c400000, 0x000000061c800000|  0%| F|  |TAMS 0x000000061c400000, 0x000000061c400000| Untracked 
| 114|0x000000061c800000, 0x000000061c800000, 0x000000061cc00000|  0%| F|  |TAMS 0x000000061c800000, 0x000000061c800000| Untracked 
| 115|0x000000061cc00000, 0x000000061cc00000, 0x000000061d000000|  0%| F|  |TAMS 0x000000061cc00000, 0x000000061cc00000| Untracked 
| 116|0x000000061d000000, 0x000000061d000000, 0x000000061d400000|  0%| F|  |TAMS 0x000000061d000000, 0x000000061d000000| Untracked 
| 117|0x000000061d400000, 0x000000061d400000, 0x000000061d800000|  0%| F|  |TAMS 0x000000061d400000, 0x000000061d400000| Untracked 
| 118|0x000000061d800000, 0x000000061d800000, 0x000000061dc00000|  0%| F|  |TAMS 0x000000061d800000, 0x000000061d800000| Untracked 
| 119|0x000000061dc00000, 0x000000061dc00000, 0x000000061e000000|  0%| F|  |TAMS 0x000000061dc00000, 0x000000061dc00000| Untracked 
| 120|0x000000061e000000, 0x000000061e000000, 0x000000061e400000|  0%| F|  |TAMS 0x000000061e000000, 0x000000061e000000| Untracked 
| 121|0x000000061e400000, 0x000000061e400000, 0x000000061e800000|  0%| F|  |TAMS 0x000000061e400000, 0x000000061e400000| Untracked 
| 122|0x000000061e800000, 0x000000061e800000, 0x000000061ec00000|  0%| F|  |TAMS 0x000000061e800000, 0x000000061e800000| Untracked 
| 123|0x000000061ec00000, 0x000000061ec00000, 0x000000061f000000|  0%| F|  |TAMS 0x000000061ec00000, 0x000000061ec00000| Untracked 
| 124|0x000000061f000000, 0x000000061f000000, 0x000000061f400000|  0%| F|  |TAMS 0x000000061f000000, 0x000000061f000000| Untracked 
| 125|0x000000061f400000, 0x000000061f400000, 0x000000061f800000|  0%| F|  |TAMS 0x000000061f400000, 0x000000061f400000| Untracked 
| 126|0x000000061f800000, 0x000000061fa9fac0, 0x000000061fc00000| 65%| S|CS|TAMS 0x000000061f800000, 0x000000061f800000| Complete 
| 127|0x000000061fc00000, 0x000000061fc00000, 0x0000000620000000|  0%| F|  |TAMS 0x000000061fc00000, 0x000000061fc00000| Untracked 
| 128|0x0000000620000000, 0x0000000620000000, 0x0000000620400000|  0%| F|  |TAMS 0x0000000620000000, 0x0000000620000000| Untracked 
| 129|0x0000000620400000, 0x0000000620400000, 0x0000000620800000|  0%| F|  |TAMS 0x0000000620400000, 0x0000000620400000| Untracked 
| 130|0x0000000620800000, 0x0000000620800000, 0x0000000620c00000|  0%| F|  |TAMS 0x0000000620800000, 0x0000000620800000| Untracked 
| 131|0x0000000620c00000, 0x0000000620c00000, 0x0000000621000000|  0%| F|  |TAMS 0x0000000620c00000, 0x0000000620c00000| Untracked 

Card table byte_map: [0x0000026c559d0000,0x0000026c569d0000] _byte_map_base: 0x0000026c529d0000

Marking Bits (Prev, Next): (CMBitMap*) 0x0000026c2d085790, (CMBitMap*) 0x0000026c2d085750
 Prev Bits: [0x0000026c5f9d0000, 0x0000026c679d0000)
 Next Bits: [0x0000026c579d0000, 0x0000026c5f9d0000)

Polling page: 0x0000026c2ae90000

Metaspace:

Usage:
  Non-class:    124.67 MB used.
      Class:     18.83 MB used.
       Both:    143.50 MB used.

Virtual space:
  Non-class space:      128.00 MB reserved,     125.25 MB ( 98%) committed,  2 nodes.
      Class space:        1.00 GB reserved,      19.31 MB (  2%) committed,  1 nodes.
             Both:        1.12 GB reserved,     144.56 MB ( 13%) committed. 

Chunk freelists:
   Non-Class:  2.34 MB
       Class:  12.53 MB
        Both:  14.87 MB

MaxMetaspaceSize: 4.00 GB
CompressedClassSpaceSize: 1.00 GB
Initial GC threshold: 21.00 MB
Current GC threshold: 225.75 MB
CDS: on
MetaspaceReclaimPolicy: balanced
 - commit_granule_bytes: 65536.
 - commit_granule_words: 8192.
 - virtual_space_node_default_size: 8388608.
 - enlarge_chunks_in_place: 1.
 - new_chunks_are_fully_committed: 0.
 - uncommit_free_chunks: 1.
 - use_allocation_guard: 0.
 - handle_deallocations: 1.


Internal statistics:

num_allocs_failed_limit: 3.
num_arena_births: 1462.
num_arena_deaths: 6.
num_vsnodes_births: 3.
num_vsnodes_deaths: 0.
num_space_committed: 2311.
num_space_uncommitted: 0.
num_chunks_returned_to_freelist: 20.
num_chunks_taken_from_freelist: 7208.
num_chunk_merges: 4.
num_chunk_splits: 5100.
num_chunks_enlarged: 3804.
num_inconsistent_stats: 0.

CodeHeap 'non-profiled nmethods': size=259264Kb used=9317Kb max_used=9317Kb free=249946Kb
 bounds [0x0000026c44b80000, 0x0000026c454a0000, 0x0000026c548b0000]
CodeHeap 'profiled nmethods': size=259264Kb used=30384Kb max_used=30384Kb free=228879Kb
 bounds [0x0000026c348b0000, 0x0000026c36660000, 0x0000026c445e0000]
CodeHeap 'non-nmethods': size=5760Kb used=2619Kb max_used=2669Kb free=3140Kb
 bounds [0x0000026c445e0000, 0x0000026c44890000, 0x0000026c44b80000]
 total_blobs=16513 nmethods=15320 adapters=1103
 compilation: enabled
              stopped_count=0, restarted_count=0
 full_count=0

Compilation events (20 events):
Event: 270.737 Thread 0x0000026c69d834e0 17723       3       org.gradle.internal.fingerprint.DirectorySensitivity$$Lambda$278/0x0000026c6c32c000::test (8 bytes)
Event: 270.738 Thread 0x0000026c69d834e0 nmethod 17723 0x0000026c35350f90 code [0x0000026c35351140, 0x0000026c353513b8]
Event: 270.739 Thread 0x0000026c69d834e0 17725       1       org.gradle.api.internal.artifacts.transform.DefaultTransform::isCacheable (5 bytes)
Event: 270.739 Thread 0x0000026c69d834e0 nmethod 17725 0x0000026c45499290 code [0x0000026c45499420, 0x0000026c454994f8]
Event: 270.748 Thread 0x0000026c69d834e0 17726       3       org.gradle.api.internal.artifacts.transform.AbstractTransformExecution::access$300 (5 bytes)
Event: 270.752 Thread 0x0000026c69d834e0 nmethod 17726 0x0000026c35382a10 code [0x0000026c35382bc0, 0x0000026c35382da8]
Event: 270.756 Thread 0x0000026c69d834e0 17727   !   3       sun.nio.ch.ChannelInputStream::read (95 bytes)
Event: 270.766 Thread 0x0000026c69d834e0 nmethod 17727 0x0000026c35350090 code [0x0000026c353502c0, 0x0000026c35350c28]
Event: 270.766 Thread 0x0000026c69d834e0 17730       3       com.google.common.reflect.TypeResolver$TypeTable::<init> (10 bytes)
Event: 270.766 Thread 0x0000026c69d834e0 nmethod 17730 0x0000026c35310e90 code [0x0000026c35311020, 0x0000026c353111d8]
Event: 270.766 Thread 0x0000026c69d834e0 17729       3       com.google.common.reflect.TypeResolver$TypeMappingIntrospector::<init> (12 bytes)
Event: 270.768 Thread 0x0000026c69d834e0 nmethod 17729 0x0000026c36659a90 code [0x0000026c36659ca0, 0x0000026c3665a538]
Event: 270.807 Thread 0x0000026c69d834e0 17732       3       org.gradle.api.internal.artifacts.transform.TransformExecutionResult$Builder$ProducedOutputOnlyResult$$Lambda$2456/0x0000026c6d012000::apply (12 bytes)
Event: 270.808 Thread 0x0000026c69d834e0 nmethod 17732 0x0000026c3534f910 code [0x0000026c3534fae0, 0x0000026c3534ff38]
Event: 270.822 Thread 0x0000026c69d834e0 17733       3       org.gradle.api.internal.artifacts.transform.TransformExecutionResult$Builder$ProducedOutputOnlyResult$$Lambda$2457/0x0000026c6d012240::apply (12 bytes)
Event: 270.823 Thread 0x0000026c69d834e0 nmethod 17733 0x0000026c3665a810 code [0x0000026c3665a9e0, 0x0000026c3665ad68]
Event: 270.823 Thread 0x0000026c69d834e0 17734       3       org.gradle.api.internal.artifacts.transform.TransformExecutionResult$Builder$ProducedOutputOnlyResult::lambda$resolveForWorkspace$0 (6 bytes)
Event: 270.824 Thread 0x0000026c69d834e0 nmethod 17734 0x0000026c3534f390 code [0x0000026c3534f540, 0x0000026c3534f748]
Event: 270.831 Thread 0x0000026c69d834e0 17735       3       com.google.common.reflect.TypeResolver$TypeTable::where (115 bytes)
Event: 270.838 Thread 0x0000026c69d834e0 nmethod 17735 0x0000026c3665af10 code [0x0000026c3665b200, 0x0000026c3665c838]

GC Heap History (20 events):
Event: 69.245 GC heap after
{Heap after GC invocations=68 (full 0):
 garbage-first heap   total 225280K, used 121646K [0x0000000600000000, 0x0000000800000000)
  region size 4096K, 2 young (8192K), 2 survivors (8192K)
 Metaspace       used 140606K, committed 141632K, reserved 1179648K
  class space    used 18482K, committed 18944K, reserved 1048576K
}
Event: 69.351 GC heap before
{Heap before GC invocations=68 (full 0):
 garbage-first heap   total 225280K, used 125742K [0x0000000600000000, 0x0000000800000000)
  region size 4096K, 3 young (12288K), 2 survivors (8192K)
 Metaspace       used 140624K, committed 141632K, reserved 1179648K
  class space    used 18482K, committed 18944K, reserved 1048576K
}
Event: 69.380 GC heap after
{Heap after GC invocations=69 (full 0):
 garbage-first heap   total 270336K, used 120045K [0x0000000600000000, 0x0000000800000000)
  region size 4096K, 1 young (4096K), 1 survivors (4096K)
 Metaspace       used 140624K, committed 141632K, reserved 1179648K
  class space    used 18482K, committed 18944K, reserved 1048576K
}
Event: 225.404 GC heap before
{Heap before GC invocations=69 (full 0):
 garbage-first heap   total 270336K, used 201965K [0x0000000600000000, 0x0000000800000000)
  region size 4096K, 21 young (86016K), 1 survivors (4096K)
 Metaspace       used 146506K, committed 147520K, reserved 1179648K
  class space    used 19244K, committed 19712K, reserved 1048576K
}
Event: 226.031 GC heap after
{Heap after GC invocations=70 (full 0):
 garbage-first heap   total 270336K, used 126558K [0x0000000600000000, 0x0000000800000000)
  region size 4096K, 2 young (8192K), 2 survivors (8192K)
 Metaspace       used 146506K, committed 147520K, reserved 1179648K
  class space    used 19244K, committed 19712K, reserved 1048576K
}
Event: 226.912 GC heap before
{Heap before GC invocations=70 (full 0):
 garbage-first heap   total 270336K, used 142942K [0x0000000600000000, 0x0000000800000000)
  region size 4096K, 7 young (28672K), 2 survivors (8192K)
 Metaspace       used 146583K, committed 147584K, reserved 1179648K
  class space    used 19246K, committed 19712K, reserved 1048576K
}
Event: 226.998 GC heap after
{Heap after GC invocations=71 (full 0):
 garbage-first heap   total 270336K, used 128754K [0x0000000600000000, 0x0000000800000000)
  region size 4096K, 1 young (4096K), 1 survivors (4096K)
 Metaspace       used 146583K, committed 147584K, reserved 1179648K
  class space    used 19246K, committed 19712K, reserved 1048576K
}
Event: 228.562 GC heap before
{Heap before GC invocations=71 (full 0):
 garbage-first heap   total 270336K, used 173810K [0x0000000600000000, 0x0000000800000000)
  region size 4096K, 13 young (53248K), 1 survivors (4096K)
 Metaspace       used 146760K, committed 147840K, reserved 1179648K
  class space    used 19270K, committed 19776K, reserved 1048576K
}
Event: 228.710 GC heap after
{Heap after GC invocations=72 (full 0):
 garbage-first heap   total 270336K, used 141456K [0x0000000600000000, 0x0000000800000000)
  region size 4096K, 2 young (8192K), 2 survivors (8192K)
 Metaspace       used 146760K, committed 147840K, reserved 1179648K
  class space    used 19270K, committed 19776K, reserved 1048576K
}
Event: 229.387 GC heap before
{Heap before GC invocations=72 (full 0):
 garbage-first heap   total 270336K, used 153744K [0x0000000600000000, 0x0000000800000000)
  region size 4096K, 6 young (24576K), 2 survivors (8192K)
 Metaspace       used 146761K, committed 147840K, reserved 1179648K
  class space    used 19270K, committed 19776K, reserved 1048576K
}
Event: 229.468 GC heap after
{Heap after GC invocations=73 (full 0):
 garbage-first heap   total 270336K, used 149748K [0x0000000600000000, 0x0000000800000000)
  region size 4096K, 1 young (4096K), 1 survivors (4096K)
 Metaspace       used 146761K, committed 147840K, reserved 1179648K
  class space    used 19270K, committed 19776K, reserved 1048576K
}
Event: 229.791 GC heap before
{Heap before GC invocations=73 (full 0):
 garbage-first heap   total 270336K, used 166132K [0x0000000600000000, 0x0000000800000000)
  region size 4096K, 5 young (20480K), 1 survivors (4096K)
 Metaspace       used 146763K, committed 147840K, reserved 1179648K
  class space    used 19270K, committed 19776K, reserved 1048576K
}
Event: 229.907 GC heap after
{Heap after GC invocations=74 (full 0):
 garbage-first heap   total 540672K, used 157609K [0x0000000600000000, 0x0000000800000000)
  region size 4096K, 1 young (4096K), 1 survivors (4096K)
 Metaspace       used 146763K, committed 147840K, reserved 1179648K
  class space    used 19270K, committed 19776K, reserved 1048576K
}
Event: 265.999 GC heap before
{Heap before GC invocations=74 (full 0):
 garbage-first heap   total 540672K, used 239529K [0x0000000600000000, 0x0000000800000000)
  region size 4096K, 21 young (86016K), 1 survivors (4096K)
 Metaspace       used 146911K, committed 147968K, reserved 1179648K
  class space    used 19278K, committed 19776K, reserved 1048576K
}
Event: 268.582 GC heap after
{Heap after GC invocations=75 (full 0):
 garbage-first heap   total 540672K, used 169120K [0x0000000600000000, 0x0000000800000000)
  region size 4096K, 3 young (12288K), 3 survivors (12288K)
 Metaspace       used 146911K, committed 147968K, reserved 1179648K
  class space    used 19278K, committed 19776K, reserved 1048576K
}
Event: 269.561 GC heap before
{Heap before GC invocations=75 (full 0):
 garbage-first heap   total 540672K, used 177312K [0x0000000600000000, 0x0000000800000000)
  region size 4096K, 6 young (24576K), 3 survivors (12288K)
 Metaspace       used 146922K, committed 148032K, reserved 1179648K
  class space    used 19279K, committed 19776K, reserved 1048576K
}
Event: 269.957 GC heap after
{Heap after GC invocations=76 (full 0):
 garbage-first heap   total 540672K, used 173209K [0x0000000600000000, 0x0000000800000000)
  region size 4096K, 1 young (4096K), 1 survivors (4096K)
 Metaspace       used 146922K, committed 148032K, reserved 1179648K
  class space    used 19279K, committed 19776K, reserved 1048576K
}
Event: 270.274 GC heap before
{Heap before GC invocations=76 (full 0):
 garbage-first heap   total 540672K, used 193689K [0x0000000600000000, 0x0000000800000000)
  region size 4096K, 6 young (24576K), 1 survivors (4096K)
 Metaspace       used 146925K, committed 148032K, reserved 1179648K
  class space    used 19279K, committed 19776K, reserved 1048576K
}
Event: 270.359 GC heap after
{Heap after GC invocations=77 (full 0):
 garbage-first heap   total 540672K, used 180705K [0x0000000600000000, 0x0000000800000000)
  region size 4096K, 1 young (4096K), 1 survivors (4096K)
 Metaspace       used 146925K, committed 148032K, reserved 1179648K
  class space    used 19279K, committed 19776K, reserved 1048576K
}
Event: 270.852 GC heap before
{Heap before GC invocations=77 (full 0):
 garbage-first heap   total 540672K, used 201185K [0x0000000600000000, 0x0000000800000000)
  region size 4096K, 6 young (24576K), 1 survivors (4096K)
 Metaspace       used 146940K, committed 148032K, reserved 1179648K
  class space    used 19279K, committed 19776K, reserved 1048576K
}

Deoptimization events (20 events):
Event: 233.271 Thread 0x0000026cc0648d20 DEOPT PACKING pc=0x0000026c451632cc sp=0x0000008ba10fbd70
Event: 233.271 Thread 0x0000026cc0648d20 DEOPT UNPACKING pc=0x0000026c446323a3 sp=0x0000008ba10fbd18 mode 2
Event: 233.407 Thread 0x0000026cc0648d20 DEOPT PACKING pc=0x0000026c34fb70c2 sp=0x0000008ba10fd250
Event: 233.407 Thread 0x0000026cc0648d20 DEOPT UNPACKING pc=0x0000026c44632b43 sp=0x0000008ba10fc6e8 mode 0
Event: 233.650 Thread 0x0000026cb03751d0 Uncommon trap: trap_request=0xffffff45 fr.pc=0x0000026c45437460 relative=0x0000000000000060
Event: 233.650 Thread 0x0000026cb03751d0 Uncommon trap: reason=unstable_if action=reinterpret pc=0x0000026c45437460 method=com.google.common.collect.HashBiMap.inverse()Lcom/google/common/collect/BiMap; @ 6 c2
Event: 233.650 Thread 0x0000026cb03751d0 DEOPT PACKING pc=0x0000026c45437460 sp=0x0000008b9def4b80
Event: 233.650 Thread 0x0000026cb03751d0 DEOPT UNPACKING pc=0x0000026c446323a3 sp=0x0000008b9def4b10 mode 2
Event: 234.883 Thread 0x0000026cb0373370 DEOPT PACKING pc=0x0000026c3635998b sp=0x0000008b9e4fe9a0
Event: 234.884 Thread 0x0000026cb0373370 DEOPT UNPACKING pc=0x0000026c44632b43 sp=0x0000008b9e4fde58 mode 0
Event: 261.039 Thread 0x0000026cb03751d0 Uncommon trap: trap_request=0xffffff45 fr.pc=0x0000026c4544128c relative=0x000000000000716c
Event: 261.039 Thread 0x0000026cb03751d0 Uncommon trap: reason=unstable_if action=reinterpret pc=0x0000026c4544128c method=com.google.common.collect.HashBiMap.inverse()Lcom/google/common/collect/BiMap; @ 6 c2
Event: 261.039 Thread 0x0000026cb03751d0 DEOPT PACKING pc=0x0000026c4544128c sp=0x0000008b9def4b70
Event: 261.040 Thread 0x0000026cb03751d0 DEOPT UNPACKING pc=0x0000026c446323a3 sp=0x0000008b9def4b18 mode 2
Event: 269.973 Thread 0x0000026cc0648d20 DEOPT PACKING pc=0x0000026c3659245b sp=0x0000008ba10fb600
Event: 269.973 Thread 0x0000026cc0648d20 DEOPT UNPACKING pc=0x0000026c44632b43 sp=0x0000008ba10fab10 mode 0
Event: 270.453 Thread 0x0000026cc064bfc0 Uncommon trap: trap_request=0xffffff6e fr.pc=0x0000026c4547f600 relative=0x00000000000002c0
Event: 270.453 Thread 0x0000026cc064bfc0 Uncommon trap: reason=loop_limit_check action=maybe_recompile pc=0x0000026c4547f600 method=com.google.common.base.CharMatcher.lastIndexIn(Ljava/lang/CharSequence;)I @ 10 c2
Event: 270.453 Thread 0x0000026cc064bfc0 DEOPT PACKING pc=0x0000026c4547f600 sp=0x0000008ba19fad10
Event: 270.454 Thread 0x0000026cc064bfc0 DEOPT UNPACKING pc=0x0000026c446323a3 sp=0x0000008ba19facb8 mode 2

Classes unloaded (16 events):
Event: 34.681 Thread 0x0000026c69d63ef0 Unloading class 0x0000026c6c5f47d0 '_BuildScript_$_run_closure1$_closure2$_closure3$_closure4'
Event: 34.681 Thread 0x0000026c69d63ef0 Unloading class 0x0000026c6c5f43e8 '_BuildScript_$_run_closure1$_closure2$_closure3'
Event: 34.681 Thread 0x0000026c69d63ef0 Unloading class 0x0000026c6c5f4000 '_BuildScript_$_run_closure1$_closure2'
Event: 34.681 Thread 0x0000026c69d63ef0 Unloading class 0x0000026c6c5f2400 '_BuildScript_$_run_closure1'
Event: 34.681 Thread 0x0000026c69d63ef0 Unloading class 0x0000026c6c5f3800 '_BuildScript_'
Event: 34.681 Thread 0x0000026c69d63ef0 Unloading class 0x0000026c6c5f0fa0 '_BuildScript_$_run_closure1$_closure2$_closure4$_closure5'
Event: 34.681 Thread 0x0000026c69d63ef0 Unloading class 0x0000026c6c5f0bb8 '_BuildScript_$_run_closure1$_closure2$_closure4'
Event: 34.681 Thread 0x0000026c69d63ef0 Unloading class 0x0000026c6c5f07d0 '_BuildScript_$_run_closure1$_closure2$_closure3'
Event: 34.681 Thread 0x0000026c69d63ef0 Unloading class 0x0000026c6c5f03e8 '_BuildScript_$_run_closure1$_closure2'
Event: 34.681 Thread 0x0000026c69d63ef0 Unloading class 0x0000026c6c5f0000 '_BuildScript_$_run_closure1'
Event: 34.681 Thread 0x0000026c69d63ef0 Unloading class 0x0000026c6c5ed800 '_BuildScript_'
Event: 34.681 Thread 0x0000026c69d63ef0 Unloading class 0x0000026c6c5e4bb8 '_BuildScript_$_run_closure1$_closure2$_closure3$_closure4'
Event: 34.681 Thread 0x0000026c69d63ef0 Unloading class 0x0000026c6c5e47d0 '_BuildScript_$_run_closure1$_closure2$_closure3'
Event: 34.681 Thread 0x0000026c69d63ef0 Unloading class 0x0000026c6c5e43e8 '_BuildScript_$_run_closure1$_closure2'
Event: 34.681 Thread 0x0000026c69d63ef0 Unloading class 0x0000026c6c5e4000 '_BuildScript_$_run_closure1'
Event: 34.681 Thread 0x0000026c69d63ef0 Unloading class 0x0000026c6c5dc000 '_BuildScript_'

Classes redefined (0 events):
No events

Internal exceptions (20 events):
Event: 73.096 Thread 0x0000026cc0648810 Exception <a 'java/lang/NoSuchMethodError'{0x000000060df03640}: static [Ljava/rmi/server/ObjID;.<clinit>()V> (0x000000060df03640) 
thrown [s\open\src\hotspot\share\prims\jni.cpp, line 1112]
Event: 73.098 Thread 0x0000026cc0648810 Exception <a 'java/lang/NoSuchMethodError'{0x000000060df49468}: static [B.<clinit>()V> (0x000000060df49468) 
thrown [s\open\src\hotspot\share\prims\jni.cpp, line 1112]
Event: 73.111 Thread 0x0000026cc064b090 Exception <a 'java/lang/InterruptedException'{0x000000060df6cca0}> (0x000000060df6cca0) 
thrown [s\open\src\hotspot\share\runtime\objectMonitor.cpp, line 1671]
Event: 73.111 Thread 0x0000026cc064b090 Exception <a 'java/lang/NoSuchMethodError'{0x000000060df6e100}: 'java.lang.Object java.lang.invoke.DirectMethodHandle$Holder.invokeSpecial(java.lang.Object, java.lang.Object, int, java.lang.Object, long)'> (0x000000060df6e100) 
thrown [s\open\src\hotspot\share\interpreter\linkResolver.cpp, line 759]
Event: 73.112 Thread 0x0000026cc064b090 Exception <a 'java/lang/NoSuchMethodError'{0x000000060df755b0}: 'java.lang.Object java.lang.invoke.DirectMethodHandle$Holder.newInvokeSpecial(java.lang.Object, java.lang.Object, int, java.lang.Object, long)'> (0x000000060df755b0) 
thrown [s\open\src\hotspot\share\interpreter\linkResolver.cpp, line 759]
Event: 73.138 Thread 0x0000026cc0648810 Exception <a 'java/lang/NoSuchMethodError'{0x000000060dfa7958}: static Lorg/jetbrains/kotlin/daemon/common/CompileService$CallResult;.<clinit>()V> (0x000000060dfa7958) 
thrown [s\open\src\hotspot\share\prims\jni.cpp, line 1112]
Event: 73.140 Thread 0x0000026cc0648810 Exception <a 'java/lang/NoSuchMethodError'{0x000000060dfb39e0}: static Lorg/jetbrains/kotlin/daemon/common/CompileService$CallResult$Good;.<clinit>()V> (0x000000060dfb39e0) 
thrown [s\open\src\hotspot\share\prims\jni.cpp, line 1112]
Event: 73.141 Thread 0x0000026cc0648810 Exception <a 'java/lang/NoSuchMethodError'{0x000000060dfc0c78}: static Lorg/jetbrains/kotlin/daemon/common/DaemonJVMOptions;.<clinit>()V> (0x000000060dfc0c78) 
thrown [s\open\src\hotspot\share\prims\jni.cpp, line 1112]
Event: 73.149 Thread 0x0000026cc0648810 Exception <a 'java/lang/NoSuchMethodError'{0x000000060dfda730}: static Lorg/jetbrains/kotlin/daemon/common/CompileService$CallResult$Ok;.<clinit>()V> (0x000000060dfda730) 
thrown [s\open\src\hotspot\share\prims\jni.cpp, line 1112]
Event: 73.199 Thread 0x0000026cc0648810 Exception <a 'java/lang/NoSuchMethodError'{0x000000060d926a10}: static [Ljava/lang/Integer;.<clinit>()V> (0x000000060d926a10) 
thrown [s\open\src\hotspot\share\prims\jni.cpp, line 1112]
Event: 220.852 Thread 0x0000026cc0c29ec0 Exception <a 'sun/nio/fs/WindowsException'{0x000000060ce172f0}> (0x000000060ce172f0) 
thrown [s\open\src\hotspot\share\prims\jni.cpp, line 516]
Event: 220.858 Thread 0x0000026cc0c29ec0 Exception <a 'sun/nio/fs/WindowsException'{0x000000060ce19c40}> (0x000000060ce19c40) 
thrown [s\open\src\hotspot\share\prims\jni.cpp, line 516]
Event: 220.859 Thread 0x0000026cc0c29ec0 Exception <a 'sun/nio/fs/WindowsException'{0x000000060ce1c2e0}> (0x000000060ce1c2e0) 
thrown [s\open\src\hotspot\share\prims\jni.cpp, line 516]
Event: 220.865 Thread 0x0000026cc0c29ec0 Exception <a 'sun/nio/fs/WindowsException'{0x000000060cf70fa8}> (0x000000060cf70fa8) 
thrown [s\open\src\hotspot\share\prims\jni.cpp, line 516]
Event: 221.029 Thread 0x0000026cc0c2d670 Exception <a 'sun/nio/fs/WindowsException'{0x000000060cf63f88}> (0x000000060cf63f88) 
thrown [s\open\src\hotspot\share\prims\jni.cpp, line 516]
Event: 221.031 Thread 0x0000026cc0c2d670 Exception <a 'sun/nio/fs/WindowsException'{0x000000060cf66338}> (0x000000060cf66338) 
thrown [s\open\src\hotspot\share\prims\jni.cpp, line 516]
Event: 221.033 Thread 0x0000026cc0c2d670 Exception <a 'sun/nio/fs/WindowsException'{0x000000060cf68320}> (0x000000060cf68320) 
thrown [s\open\src\hotspot\share\prims\jni.cpp, line 516]
Event: 225.095 Thread 0x0000026cc064cef0 Implicit null exception at 0x0000026c45320186 to 0x0000026c453213b8
Event: 225.096 Thread 0x0000026cc064cef0 Implicit null exception at 0x0000026c45324339 to 0x0000026c453289e0
Event: 261.034 Thread 0x0000026cb03751d0 Implicit null exception at 0x0000026c4543a17c to 0x0000026c45441278

VM Operations (20 events):
Event: 240.467 Executing VM operation: Cleanup done
Event: 241.397 Executing VM operation: HandshakeAllThreads
Event: 247.460 Executing VM operation: HandshakeAllThreads done
Event: 247.460 Executing VM operation: Cleanup
Event: 248.331 Executing VM operation: Cleanup done
Event: 256.335 Executing VM operation: Cleanup
Event: 256.577 Executing VM operation: Cleanup done
Event: 257.577 Executing VM operation: Cleanup
Event: 258.830 Executing VM operation: Cleanup done
Event: 260.831 Executing VM operation: Cleanup
Event: 260.853 Executing VM operation: Cleanup done
Event: 262.854 Executing VM operation: Cleanup
Event: 265.434 Executing VM operation: Cleanup done
Event: 265.968 Executing VM operation: G1CollectForAllocation
Event: 268.585 Executing VM operation: G1CollectForAllocation done
Event: 269.553 Executing VM operation: G1CollectForAllocation
Event: 269.958 Executing VM operation: G1CollectForAllocation done
Event: 270.268 Executing VM operation: G1CollectForAllocation
Event: 270.361 Executing VM operation: G1CollectForAllocation done
Event: 270.841 Executing VM operation: G1CollectForAllocation

Events (20 events):
Event: 227.217 Thread 0x0000026cc064bfc0 Thread added: 0x0000026cc064bfc0
Event: 227.218 Thread 0x0000026cc06473d0 Thread added: 0x0000026cc06473d0
Event: 231.581 Thread 0x0000026c6a112870 flushing nmethod 0x0000026c44df5f10
Event: 231.581 Thread 0x0000026c6a112870 flushing nmethod 0x0000026c44df6610
Event: 231.685 Thread 0x0000026c6a112870 flushing nmethod 0x0000026c44e5d590
Event: 247.461 Thread 0x0000026cc064c9e0 Thread exited: 0x0000026cc064c9e0
Event: 255.888 Thread 0x0000026c6a112870 flushing nmethod 0x0000026c34a01290
Event: 260.168 Thread 0x0000026c6a112870 flushing nmethod 0x0000026c34c85e10
Event: 260.722 Thread 0x0000026c6a112870 flushing nmethod 0x0000026c34dfd310
Event: 260.836 Thread 0x0000026c6a112870 flushing nmethod 0x0000026c34e10d10
Event: 265.499 Thread 0x0000026c6a112870 flushing nmethod 0x0000026c34f5ea10
Event: 265.564 Thread 0x0000026c6a112870 flushing nmethod 0x0000026c34f81b90
Event: 265.574 Thread 0x0000026c6a112870 flushing nmethod 0x0000026c34f8a210
Event: 268.732 loading class jdk/internal/misc/ScopedMemoryAccess$Scope$Handle
Event: 268.767 loading class jdk/internal/misc/ScopedMemoryAccess$Scope$Handle done
Event: 270.674 Thread 0x0000026c6a112870 flushing nmethod 0x0000026c35310e90
Event: 270.677 Thread 0x0000026c6a112870 flushing nmethod 0x0000026c35317610
Event: 270.712 Thread 0x0000026c6a112870 flushing nmethod 0x0000026c3534f390
Event: 270.738 Thread 0x0000026c6a112870 flushing nmethod 0x0000026c35382610
Event: 270.752 Thread 0x0000026c6a112870 flushing nmethod 0x0000026c35389e10


Dynamic libraries:
0x00007ff728f10000 - 0x00007ff728f20000 	C:\Program Files\Java\jdk-17\bin\java.exe
0x00007ff857870000 - 0x00007ff857a68000 	C:\WINDOWS\SYSTEM32\ntdll.dll
0x00007ff856f40000 - 0x00007ff857002000 	C:\WINDOWS\System32\KERNEL32.DLL
0x00007ff8552e0000 - 0x00007ff8555d6000 	C:\WINDOWS\System32\KERNELBASE.dll
0x00007ff8521e0000 - 0x00007ff852274000 	C:\WINDOWS\SYSTEM32\apphelp.dll
0x00007ff855660000 - 0x00007ff855760000 	C:\WINDOWS\System32\ucrtbase.dll
0x00007ff844050000 - 0x00007ff84406b000 	C:\Program Files\Java\jdk-17\bin\VCRUNTIME140.dll
0x00007ff84e5e0000 - 0x00007ff84e5f9000 	C:\Program Files\Java\jdk-17\bin\jli.dll
0x00007ff856a90000 - 0x00007ff856b41000 	C:\WINDOWS\System32\ADVAPI32.dll
0x00007ff857140000 - 0x00007ff8571de000 	C:\WINDOWS\System32\msvcrt.dll
0x00007ff857210000 - 0x00007ff8572af000 	C:\WINDOWS\System32\sechost.dll
0x00007ff857710000 - 0x00007ff857830000 	C:\WINDOWS\System32\RPCRT4.dll
0x00007ff8552b0000 - 0x00007ff8552d7000 	C:\WINDOWS\System32\bcrypt.dll
0x00007ff857310000 - 0x00007ff8574b1000 	C:\WINDOWS\System32\USER32.dll
0x00007ff855280000 - 0x00007ff8552a2000 	C:\WINDOWS\System32\win32u.dll
0x00007ff856d10000 - 0x00007ff856d3b000 	C:\WINDOWS\System32\GDI32.dll
0x00007ff854f00000 - 0x00007ff855019000 	C:\WINDOWS\System32\gdi32full.dll
0x00007ff8434b0000 - 0x00007ff84374b000 	C:\WINDOWS\WinSxS\amd64_microsoft.windows.common-controls_6595b64144ccf1df_6.0.19041.6456_none_60b8a6cb71f64256\COMCTL32.dll
0x00007ff855760000 - 0x00007ff8557fd000 	C:\WINDOWS\System32\msvcp_win.dll
0x00007ff84db20000 - 0x00007ff84db2a000 	C:\WINDOWS\SYSTEM32\VERSION.dll
0x00007ff8571e0000 - 0x00007ff85720f000 	C:\WINDOWS\System32\IMM32.DLL
0x00007ff84e5d0000 - 0x00007ff84e5dc000 	C:\Program Files\Java\jdk-17\bin\vcruntime140_1.dll
0x00007ff81d590000 - 0x00007ff81d61e000 	C:\Program Files\Java\jdk-17\bin\msvcp140.dll
0x00007fffb5060000 - 0x00007fffb5c41000 	C:\Program Files\Java\jdk-17\bin\server\jvm.dll
0x00007ff857650000 - 0x00007ff857658000 	C:\WINDOWS\System32\PSAPI.DLL
0x00007ff84e390000 - 0x00007ff84e399000 	C:\WINDOWS\SYSTEM32\WSOCK32.dll
0x00007ff856db0000 - 0x00007ff856e1b000 	C:\WINDOWS\System32\WS2_32.dll
0x00007ff84b270000 - 0x00007ff84b297000 	C:\WINDOWS\SYSTEM32\WINMM.dll
0x00007ff852d70000 - 0x00007ff852d82000 	C:\WINDOWS\SYSTEM32\kernel.appcore.dll
0x00007ff830770000 - 0x00007ff83077a000 	C:\Program Files\Java\jdk-17\bin\jimage.dll
0x00007ff842360000 - 0x00007ff842561000 	C:\WINDOWS\SYSTEM32\DBGHELP.DLL
0x00007ff842050000 - 0x00007ff842084000 	C:\WINDOWS\SYSTEM32\dbgcore.DLL
0x00007ff855800000 - 0x00007ff855882000 	C:\WINDOWS\System32\bcryptPrimitives.dll
0x00007ff82cd00000 - 0x00007ff82cd0e000 	C:\Program Files\Java\jdk-17\bin\instrument.dll
0x00007ff822500000 - 0x00007ff822525000 	C:\Program Files\Java\jdk-17\bin\java.dll
0x00007ff81d4b0000 - 0x00007ff81d587000 	C:\Program Files\Java\jdk-17\bin\jsvml.dll
0x00007ff855cf0000 - 0x00007ff856460000 	C:\WINDOWS\System32\SHELL32.dll
0x00007ff852f70000 - 0x00007ff853715000 	C:\WINDOWS\SYSTEM32\windows.storage.dll
0x00007ff855890000 - 0x00007ff855be4000 	C:\WINDOWS\System32\combase.dll
0x00007ff854850000 - 0x00007ff85487b000 	C:\WINDOWS\SYSTEM32\Wldp.dll
0x00007ff8568d0000 - 0x00007ff85699d000 	C:\WINDOWS\System32\OLEAUT32.dll
0x00007ff857660000 - 0x00007ff85770d000 	C:\WINDOWS\System32\SHCORE.dll
0x00007ff8572b0000 - 0x00007ff85730b000 	C:\WINDOWS\System32\shlwapi.dll
0x00007ff854e30000 - 0x00007ff854e54000 	C:\WINDOWS\SYSTEM32\profapi.dll
0x00007ff82be80000 - 0x00007ff82be98000 	C:\Program Files\Java\jdk-17\bin\zip.dll
0x00007ff827290000 - 0x00007ff8272a9000 	C:\Program Files\Java\jdk-17\bin\net.dll
0x00007ff84f720000 - 0x00007ff84f82a000 	C:\WINDOWS\SYSTEM32\WINHTTP.dll
0x00007ff8545b0000 - 0x00007ff85461a000 	C:\WINDOWS\system32\mswsock.dll
0x00007ff825150000 - 0x00007ff825166000 	C:\Program Files\Java\jdk-17\bin\nio.dll
0x00007ff82c9c0000 - 0x00007ff82c9d0000 	C:\Program Files\Java\jdk-17\bin\verify.dll
0x00007ff84e620000 - 0x00007ff84e647000 	C:\Users\hp\.gradle\native\1def1411415f61bf3af743bc5b6707747c0891f09f0c88961ee8f79bc544acac\windows-amd64\native-platform.dll
0x000000006c460000 - 0x000000006c4d3000 	C:\Users\hp\.gradle\native\0.2.5\x86_64-windows-gnu\gradle-fileevents.dll
0x00007ff82c620000 - 0x00007ff82c62a000 	C:\Program Files\Java\jdk-17\bin\management.dll
0x00007ff827dd0000 - 0x00007ff827ddb000 	C:\Program Files\Java\jdk-17\bin\management_ext.dll
0x00007ff8547a0000 - 0x00007ff8547b8000 	C:\WINDOWS\SYSTEM32\CRYPTSP.dll
0x00007ff853ed0000 - 0x00007ff853f08000 	C:\WINDOWS\system32\rsaenh.dll
0x00007ff854df0000 - 0x00007ff854e1e000 	C:\WINDOWS\SYSTEM32\USERENV.dll
0x00007ff8547c0000 - 0x00007ff8547cc000 	C:\WINDOWS\SYSTEM32\CRYPTBASE.dll
0x00007ff854290000 - 0x00007ff8542cb000 	C:\WINDOWS\SYSTEM32\IPHLPAPI.DLL
0x00007ff856d00000 - 0x00007ff856d08000 	C:\WINDOWS\System32\NSI.dll
0x00007ff84e050000 - 0x00007ff84e067000 	C:\WINDOWS\SYSTEM32\dhcpcsvc6.DLL
0x00007ff84ea30000 - 0x00007ff84ea4d000 	C:\WINDOWS\SYSTEM32\dhcpcsvc.DLL
0x00007ff8542d0000 - 0x00007ff85439a000 	C:\WINDOWS\SYSTEM32\DNSAPI.dll
0x00007ff827980000 - 0x00007ff82798e000 	C:\Program Files\Java\jdk-17\bin\sunmscapi.dll
0x00007ff855020000 - 0x00007ff85517d000 	C:\WINDOWS\System32\CRYPT32.dll
0x00007ff8548c0000 - 0x00007ff8548e7000 	C:\WINDOWS\SYSTEM32\ncrypt.dll
0x00007ff854880000 - 0x00007ff8548bb000 	C:\WINDOWS\SYSTEM32\NTASN1.dll
0x00007ff826820000 - 0x00007ff826827000 	C:\WINDOWS\system32\wshunix.dll
0x000000006c3e0000 - 0x000000006c453000 	C:\Users\hp\AppData\Local\Temp\native-platform12164672004684901804dir\gradle-fileevents.dll
0x00007ff854120000 - 0x00007ff854153000 	C:\WINDOWS\SYSTEM32\ntmarta.dll
0x00007ff845780000 - 0x00007ff84578a000 	C:\Windows\System32\rasadhlp.dll
0x00007ff845b20000 - 0x00007ff845ba0000 	C:\WINDOWS\System32\fwpuclnt.dll
0x00007ff841ad0000 - 0x00007ff841ae7000 	C:\WINDOWS\system32\napinsp.dll
0x00007ff841940000 - 0x00007ff84195b000 	C:\WINDOWS\system32\pnrpnsp.dll
0x00007ff841260000 - 0x00007ff84127d000 	C:\WINDOWS\system32\wshbth.dll
0x00007ff851500000 - 0x00007ff85151d000 	C:\WINDOWS\system32\NLAapi.dll
0x00007ff841240000 - 0x00007ff841252000 	C:\WINDOWS\System32\winrnr.dll
0x00007ff84e610000 - 0x00007ff84e617000 	C:\Program Files\Java\jdk-17\bin\rmi.dll

dbghelp: loaded successfully - version: 4.0.5 - missing functions: none
symbol engine: initialized successfully - sym options: 0x614 - pdb path: .;C:\Program Files\Java\jdk-17\bin;C:\WINDOWS\SYSTEM32;C:\WINDOWS\WinSxS\amd64_microsoft.windows.common-controls_6595b64144ccf1df_6.0.19041.6456_none_60b8a6cb71f64256;C:\Program Files\Java\jdk-17\bin\server;C:\Users\hp\.gradle\native\1def1411415f61bf3af743bc5b6707747c0891f09f0c88961ee8f79bc544acac\windows-amd64;C:\Users\hp\.gradle\native\0.2.5\x86_64-windows-gnu;C:\Users\hp\AppData\Local\Temp\native-platform12164672004684901804dir

VM Arguments:
jvm_args: --add-opens=java.base/java.lang=ALL-UNNAMED --add-opens=java.base/java.lang.invoke=ALL-UNNAMED --add-opens=java.base/java.util=ALL-UNNAMED --add-opens=java.prefs/java.util.prefs=ALL-UNNAMED --add-exports=jdk.compiler/com.sun.tools.javac.api=ALL-UNNAMED --add-exports=jdk.compiler/com.sun.tools.javac.util=ALL-UNNAMED --add-opens=java.base/java.util=ALL-UNNAMED --add-opens=java.prefs/java.util.prefs=ALL-UNNAMED --add-opens=java.base/java.nio.charset=ALL-UNNAMED --add-opens=java.base/java.net=ALL-UNNAMED --add-opens=java.base/java.util.concurrent.atomic=ALL-UNNAMED --add-opens=java.xml/javax.xml.namespace=ALL-UNNAMED -XX:MaxMetaspaceSize=4G -XX:ReservedCodeCacheSize=512m -XX:+HeapDumpOnOutOfMemoryError -Xmx8G -Dfile.encoding=UTF-8 -Duser.country=IN -Duser.language=en -Duser.variant -javaagent:C:\Users\hp\.gradle\wrapper\dists\gradle-8.12-all\ejduaidbjup3bmmkhw3rie4zb\gradle-8.12\lib\agents\gradle-instrumentation-agent-8.12.jar 
java_command: org.gradle.launcher.daemon.bootstrap.GradleDaemon 8.12
java_class_path (initial): C:\Users\hp\.gradle\wrapper\dists\gradle-8.12-all\ejduaidbjup3bmmkhw3rie4zb\gradle-8.12\lib\gradle-daemon-main-8.12.jar
Launcher Type: SUN_STANDARD

[Global flags]
     intx CICompilerCount                          = 3                                         {product} {ergonomic}
     uint ConcGCThreads                            = 1                                         {product} {ergonomic}
     uint G1ConcRefinementThreads                  = 4                                         {product} {ergonomic}
   size_t G1HeapRegionSize                         = 4194304                                   {product} {ergonomic}
    uintx GCDrainStackTargetSize                   = 64                                        {product} {ergonomic}
     bool HeapDumpOnOutOfMemoryError               = true                                   {manageable} {command line}
   size_t InitialHeapSize                          = 58720256                                  {product} {ergonomic}
   size_t MarkStackSize                            = 4194304                                   {product} {ergonomic}
   size_t MaxHeapSize                              = 8589934592                                {product} {command line}
   size_t MaxMetaspaceSize                         = 4294967296                                {product} {command line}
   size_t MaxNewSize                               = 5150605312                                {product} {ergonomic}
   size_t MinHeapDeltaBytes                        = 4194304                                   {product} {ergonomic}
   size_t MinHeapSize                              = 8388608                                   {product} {ergonomic}
    uintx NonNMethodCodeHeapSize                   = 5832780                                {pd product} {ergonomic}
    uintx NonProfiledCodeHeapSize                  = 265519066                              {pd product} {ergonomic}
    uintx ProfiledCodeHeapSize                     = 265519066                              {pd product} {ergonomic}
    uintx ReservedCodeCacheSize                    = 536870912                              {pd product} {command line}
     bool SegmentedCodeCache                       = true                                      {product} {ergonomic}
   size_t SoftMaxHeapSize                          = 8589934592                             {manageable} {ergonomic}
   double SweeperThreshold                         = 0.234375                                  {product} {ergonomic}
     bool UseCompressedClassPointers               = true                           {product lp64_product} {ergonomic}
     bool UseCompressedOops                        = true                           {product lp64_product} {ergonomic}
     bool UseG1GC                                  = true                                      {product} {ergonomic}
     bool UseLargePagesIndividualAllocation        = false                                  {pd product} {ergonomic}

Logging:
Log output configuration:
 #0: stdout all=warning uptime,level,tags
 #1: stderr all=off uptime,level,tags

Environment Variables:
CLASSPATH=D:\DIPLOMA\sem 6\AJP\mysql-connector-java-5.1.18-bin.jar;
PATH=C:\Users\hp\AppData\Local\Programs\Microsoft VS Code;c:\Users\hp\AppData\Local\Programs\cursor\resources\app\bin;C:\Program Files\apache-maven-3.8.8\bin;C:\ProgramData\Oracle\Java\javapath;C:\Program Files\Common Files\Oracle\Java\javapath;E:\smart_distributor\flutter_windows_3.32.2-stable\flutter\bin;C:\Program Files\Android\Android Studio\bin;C:\WINDOWS\system32;C:\WINDOWS;C:\WINDOWS\System32\Wbem;C:\WINDOWS\System32\WindowsPowerShell\v1.0\;C:\WINDOWS\System32\OpenSSH\;C:\Program Files (x86)\Microsoft SQL Server\100\Tools\Binn\;C:\Program Files\Microsoft SQL Server\100\Tools\Binn\;C:\Program Files\Microsoft SQL Server\100\DTS\Binn\;C:\Users\hp\AppData\Local\Programs\Python\Python312;C:\Users\hp\AppData\Local\Programs\Python\Python312\Scripts;C:\Program Files\Git\cmd;C:\Program Files\Java\jdk-17\bin;C:\Program Files\apache-maven-3.8.8\bin;C:\Program Files\MySQL\MySQL Shell 8.0\bin\;C:\Program Files\Java\jdk-17\bin;C:\flutter\bin;C:\Program Files\Android\Android Studio\bin;C:\Users\hp\AppData\Local\Microsoft\WindowsApps;C:\Program Files\JetBrains\IntelliJ IDEA Community Edition 2024.3.4.1\bin;C:\Users\hp\Ap;C:\Program Files\nodejs\;C:\ProgramData\chocolatey\bin;C:\Users\hp\AppData\Local\Pub\Cache\bin;C:\Users\hp\AppData\Local\Pub\Cache\bin;C:\Program Files\apache-maven-3.8.8\bin;C:\Program Files\MySQL\MySQL Shell 8.0\bin\;C:\Program Files\Java\jdk-17\bin;E:\smart_distributor\flutter_windows_3.32.2-stable\flutter\bin;C:\Program Files\Android\Android Studio\bin;C:\Users\hp\AppData\Local\Microsoft\WindowsApps;C:\Program Files\JetBrains\IntelliJ IDEA Community Edition 2024.3.4.1\bin;;C:\Users\hp\AppData\Roaming\npm;C:\Users\hp\AppData\Local\Programs\Microsoft VS Code\bin
USERNAME=hp
OS=Windows_NT
PROCESSOR_IDENTIFIER=AMD64 Family 23 Model 24 Stepping 1, AuthenticAMD



---------------  S Y S T E M  ---------------

OS:
 Windows 10 , 64 bit Build 19041 (10.0.19041.5915)
OS uptime: 0 days 2:26 hours

CPU: total 4 (initial active 4) (4 cores per cpu, 2 threads per core) family 23 model 24 stepping 1 microcode 0x0, cx8, cmov, fxsr, ht, mmx, 3dnowpref, sse, sse2, sse3, ssse3, sse4a, sse4.1, sse4.2, popcnt, lzcnt, tsc, tscinvbit, avx, avx2, aes, clmul, bmi1, bmi2, adx, sha, fma, vzeroupper, clflush, clflushopt

Memory: 4k page, system-wide physical 3498M (180M free)
TotalPageFile size 14073M (AvailPageFile size 460M)
current process WorkingSet (physical memory assigned to process): 277M, peak: 523M
current process commit charge ("private bytes"): 907M, peak: 1719M

vm_info: Java HotSpot(TM) 64-Bit Server VM (17.0.14+8-LTS-191) for windows-amd64 JRE (17.0.14+8-LTS-191), built on Dec  3 2024 11:07:59 by "mach5one" with MS VC++ 17.6 (VS2022)

END.
